Auto-merging inference_optimizer/SKILL.md
Auto-merging inference_optimizer/breakdown/collectors.py
Auto-merging inference_optimizer/breakdown/schema.py
Auto-merging inference_optimizer/cli.py
CONFLICT (content): Merge conflict in inference_optimizer/cli.py
Auto-merging inference_optimizer/examples/p1_7_three_agents_e2e_demo.py
Auto-merging inference_optimizer/examples/p2_full_optimize_demo.py
Auto-merging inference_optimizer/orchestrator/action_executors/__init__.py
CONFLICT (content): Merge conflict in inference_optimizer/orchestrator/action_executors/__init__.py
CONFLICT (modify/delete): inference_optimizer/orchestrator/action_executors/backends.py deleted in HEAD and modified in origin/main.  Version origin/main of inference_optimizer/orchestrator/action_executors/backends.py left in tree.
CONFLICT (modify/delete): inference_optimizer/orchestrator/action_executors/params.py deleted in HEAD and modified in origin/main.  Version origin/main of inference_optimizer/orchestrator/action_executors/params.py left in tree.
Auto-merging inference_optimizer/orchestrator/action_executors/report.py
CONFLICT (content): Merge conflict in inference_optimizer/orchestrator/action_executors/report.py
CONFLICT (modify/delete): inference_optimizer/orchestrator/action_executors/validate_stack.py deleted in HEAD and modified in origin/main.  Version origin/main of inference_optimizer/orchestrator/action_executors/validate_stack.py left in tree.
Auto-merging inference_optimizer/orchestrator/action_registry.py
Auto-merging inference_optimizer/orchestrator/coordinator.py
CONFLICT (content): Merge conflict in inference_optimizer/orchestrator/coordinator.py
Auto-merging inference_optimizer/orchestrator/policy.py
CONFLICT (modify/delete): inference_optimizer/orchestrator/scoring.py deleted in HEAD and modified in origin/main.  Version origin/main of inference_optimizer/orchestrator/scoring.py left in tree.
Auto-merging inference_optimizer/orchestrator/shared_state.py
CONFLICT (content): Merge conflict in inference_optimizer/orchestrator/shared_state.py
Auto-merging inference_optimizer/orchestrator/sub_agent_runner.py
CONFLICT (content): Merge conflict in inference_optimizer/orchestrator/sub_agent_runner.py
Auto-merging inference_optimizer/orchestrator/system_prompts/critic.md
CONFLICT (content): Merge conflict in inference_optimizer/orchestrator/system_prompts/critic.md
Auto-merging inference_optimizer/orchestrator/system_prompts/orchestration.md
CONFLICT (content): Merge conflict in inference_optimizer/orchestrator/system_prompts/orchestration.md
Auto-merging inference_optimizer/orchestrator/system_prompts/prompt_builder.py
CONFLICT (content): Merge conflict in inference_optimizer/orchestrator/system_prompts/prompt_builder.py
Auto-merging inference_optimizer/paths.py
CONFLICT (content): Merge conflict in inference_optimizer/paths.py
Auto-merging inference_optimizer/session_paths.py
CONFLICT (content): Merge conflict in inference_optimizer/session_paths.py
Auto-merging inference_optimizer/tests/test_baseline_self_loop_policy.py
Auto-merging inference_optimizer/tests/test_p0_1_protocol.py
CONFLICT (content): Merge conflict in inference_optimizer/tests/test_p0_1_protocol.py
Auto-merging inference_optimizer/tests/test_p0_3_coordinator.py
Auto-merging inference_optimizer/tests/test_p1_2_full_action_catalogue.py
CONFLICT (content): Merge conflict in inference_optimizer/tests/test_p1_2_full_action_catalogue.py
Auto-merging inference_optimizer/tests/test_p1_4_resume.py
Auto-merging inference_optimizer/tests/test_p2_4_integrate_report.py
CONFLICT (modify/delete): inference_optimizer/tests/test_p3_search_space_expansion.py deleted in HEAD and modified in origin/main.  Version origin/main of inference_optimizer/tests/test_p3_search_space_expansion.py left in tree.
Auto-merging inference_optimizer/tests/test_p5_decision.py
CONFLICT (content): Merge conflict in inference_optimizer/tests/test_p5_decision.py
Auto-merging inference_optimizer/tests/test_phase2_mission_and_validate_stack.py
Auto-merging inference_optimizer/tests/test_prompt_assets.py
CONFLICT (content): Merge conflict in inference_optimizer/tests/test_prompt_assets.py
Auto-merging inference_optimizer/tests/test_prompt_builder.py
Auto-merging inference_optimizer/tests/test_required_step_gates.py
CONFLICT (content): Merge conflict in inference_optimizer/tests/test_required_step_gates.py
CONFLICT (modify/delete): inference_optimizer/tests/test_validate_stack.py deleted in HEAD and modified in origin/main.  Version origin/main of inference_optimizer/tests/test_validate_stack.py left in tree.
CONFLICT (modify/delete): inference_optimizer/tests/test_validate_stack_gate_skip.py deleted in HEAD and modified in origin/main.  Version origin/main of inference_optimizer/tests/test_validate_stack_gate_skip.py left in tree.
Auto-merging robustness-agent/src/robustness_agent/runtime/cli.py
Automatic merge failed; fix conflicts and then commit the result.
