inference_optimizer/cli.py
inference_optimizer/orchestrator/action_executors/__init__.py
inference_optimizer/orchestrator/action_executors/backends.py
inference_optimizer/orchestrator/action_executors/params.py
inference_optimizer/orchestrator/action_executors/report.py
inference_optimizer/orchestrator/action_executors/validate_stack.py
inference_optimizer/orchestrator/coordinator.py
inference_optimizer/orchestrator/scoring.py
inference_optimizer/orchestrator/shared_state.py
inference_optimizer/orchestrator/sub_agent_runner.py
inference_optimizer/orchestrator/system_prompts/critic.md
inference_optimizer/orchestrator/system_prompts/orchestration.md
inference_optimizer/orchestrator/system_prompts/prompt_builder.py
inference_optimizer/paths.py
inference_optimizer/session_paths.py
inference_optimizer/tests/test_p0_1_protocol.py
inference_optimizer/tests/test_p1_2_full_action_catalogue.py
inference_optimizer/tests/test_p3_search_space_expansion.py
inference_optimizer/tests/test_p5_decision.py
inference_optimizer/tests/test_prompt_assets.py
inference_optimizer/tests/test_required_step_gates.py
inference_optimizer/tests/test_validate_stack.py
inference_optimizer/tests/test_validate_stack_gate_skip.py
